[0.014s] Invoking command in '/home/user/ros2_ws/src/citylab_project/build/robot_patrol': CMAKE_PREFIX_PATH=${CMAKE_PREFIX_PATH}:/opt/ros/humble:/home/simulations/ros2_sims_ws/install/robot_description _=/usr/bin/env /usr/bin/cmake /home/user/ros2_ws/src/citylab_project/robot_patrol -DCMAKE_INSTALL_PREFIX=/home/user/ros2_ws/src/citylab_project/install/robot_patrol
[0.068s] -- The C compiler identification is GNU 11.4.0
[0.121s] -- The CXX compiler identification is GNU 11.4.0
[0.127s] -- Detecting C compiler ABI info
[0.195s] -- Detecting C compiler ABI info - done
[0.203s] -- Check for working C compiler: /usr/bin/cc - skipped
[0.203s] -- Detecting C compile features
[0.204s] -- Detecting C compile features - done
[0.207s] -- Detecting CXX compiler ABI info
[0.283s] -- Detecting CXX compiler ABI info - done
[0.291s] -- Check for working CXX compiler: /usr/bin/c++ - skipped
[0.291s] -- Detecting CXX compile features
[0.292s] -- Detecting CXX compile features - done
[0.297s] -- Found ament_cmake: 1.3.12 (/opt/ros/humble/share/ament_cmake/cmake)
[0.681s] -- Found Python3: /usr/bin/python3 (found version "3.10.12") found components: Interpreter 
[0.810s] -- Found rclcpp: 16.0.16 (/opt/ros/humble/share/rclcpp/cmake)
[0.884s] -- Found rosidl_generator_c: 3.1.7 (/opt/ros/humble/share/rosidl_generator_c/cmake)
[0.895s] -- Found rosidl_adapter: 3.1.7 (/opt/ros/humble/share/rosidl_adapter/cmake)
[0.910s] -- Found rosidl_generator_cpp: 3.1.7 (/opt/ros/humble/share/rosidl_generator_cpp/cmake)
[0.929s] -- Using all available rosidl_typesupport_c: rosidl_typesupport_fastrtps_c;rosidl_typesupport_introspection_c
[0.956s] -- Using all available rosidl_typesupport_cpp: rosidl_typesupport_fastrtps_cpp;rosidl_typesupport_introspection_cpp
[1.025s] -- Found rmw_implementation_cmake: 6.1.2 (/opt/ros/humble/share/rmw_implementation_cmake/cmake)
[1.030s] -- Found rmw_fastrtps_cpp: 6.2.9 (/opt/ros/humble/share/rmw_fastrtps_cpp/cmake)
[1.133s] -- Found OpenSSL: /usr/lib/x86_64-linux-gnu/libcrypto.so (found version "3.0.2")  
[1.173s] -- Found FastRTPS: /opt/ros/humble/include  
[1.232s] -- Using RMW implementation 'rmw_fastrtps_cpp' as default
[1.251s] -- Looking for pthread.h
[1.320s] -- Looking for pthread.h - found
[1.321s] -- Performing Test CMAKE_HAVE_LIBC_PTHREAD
[1.394s] -- Performing Test CMAKE_HAVE_LIBC_PTHREAD - Success
[1.396s] -- Found Threads: TRUE  
[1.467s] -- Found sensor_msgs: 4.9.0 (/opt/ros/humble/share/sensor_msgs/cmake)
[1.507s] -- Found nav_msgs: 4.9.0 (/opt/ros/humble/share/nav_msgs/cmake)
[1.530s] -- Found tf2: 0.25.17 (/opt/ros/humble/share/tf2/cmake)
[1.549s] -- Found tf2_geometry_msgs: 0.25.17 (/opt/ros/humble/share/tf2_geometry_msgs/cmake)
[1.578s] -- Found eigen3_cmake_module: 0.1.1 (/opt/ros/humble/share/eigen3_cmake_module/cmake)
[1.579s] -- Found Eigen3: TRUE (found version "3.4.0") 
[1.579s] -- Ensuring Eigen3 include directory is part of orocos-kdl CMake target
[1.722s] -- Found ament_lint_auto: 0.12.14 (/opt/ros/humble/share/ament_lint_auto/cmake)
[1.821s] -- Added test 'cppcheck' to perform static code analysis on C / C++ code
[1.822s] -- Configured cppcheck include dirs: 
[1.822s] -- Configured cppcheck exclude dirs and/or files: 
[1.822s] -- Added test 'flake8' to check Python code syntax and style conventions
[1.822s] -- Added test 'lint_cmake' to check CMake code style
[1.823s] -- Added test 'pep257' to check Python code against some of the docstring style conventions in PEP 257
[1.824s] -- Added test 'uncrustify' to check C / C++ code style
[1.824s] -- Configured uncrustify additional arguments: 
[1.824s] -- Added test 'xmllint' to check XML markup files
[1.826s] -- Configuring done
[1.831s] [33mCMake Warning (dev) at CMakeLists.txt:19 (add_executable):
[1.831s]   Policy CMP0115 is not set: Source file extensions must be explicit.  Run
[1.831s]   "cmake --help-policy CMP0115" for policy details.  Use the cmake_policy
[1.831s]   command to set the policy and suppress this warning.
[1.831s] 
[1.831s]   File:
[1.831s] 
[1.831s]     /home/user/ros2_ws/src/citylab_project/robot_patrol/src/patrol.cpp
[1.832s] This warning is for project developers.  Use -Wno-dev to suppress it.
[1.832s] [0m
[1.840s] -- Generating done
[1.846s] -- Build files have been written to: /home/user/ros2_ws/src/citylab_project/build/robot_patrol
[1.858s] Invoked command in '/home/user/ros2_ws/src/citylab_project/build/robot_patrol' returned '0': CMAKE_PREFIX_PATH=${CMAKE_PREFIX_PATH}:/opt/ros/humble:/home/simulations/ros2_sims_ws/install/robot_description _=/usr/bin/env /usr/bin/cmake /home/user/ros2_ws/src/citylab_project/robot_patrol -DCMAKE_INSTALL_PREFIX=/home/user/ros2_ws/src/citylab_project/install/robot_patrol
[1.859s] Invoking command in '/home/user/ros2_ws/src/citylab_project/build/robot_patrol': CMAKE_PREFIX_PATH=${CMAKE_PREFIX_PATH}:/opt/ros/humble:/home/simulations/ros2_sims_ws/install/robot_description _=/usr/bin/env /usr/bin/cmake --build /home/user/ros2_ws/src/citylab_project/build/robot_patrol -- -j8 -l8
[1.910s] [ 50%] [32mBuilding CXX object CMakeFiles/patrol_executable.dir/src/patrol.cpp.o[0m
[4.497s] [01m[K/home/user/ros2_ws/src/citylab_project/robot_patrol/src/patrol.cpp:[m[K In constructor '[01m[KPatrol::Patrol()[m[K':
[4.497s] [01m[K/home/user/ros2_ws/src/citylab_project/robot_patrol/src/patrol.cpp:66:5:[m[K [01;31m[Kerror: [m[K'[01m[Kwatchdog_timer_[m[K' was not declared in this scope
[4.497s]    66 |     [01;31m[Kwatchdog_timer_[m[K = this->create_wall_timer(
[4.498s]       |     [01;31m[K^~~~~~~~~~~~~~~[m[K
[7.289s] gmake[2]: *** [CMakeFiles/patrol_executable.dir/build.make:76: CMakeFiles/patrol_executable.dir/src/patrol.cpp.o] Error 1
[7.289s] gmake[1]: *** [CMakeFiles/Makefile2:137: CMakeFiles/patrol_executable.dir/all] Error 2
[7.289s] gmake: *** [Makefile:146: all] Error 2
[7.291s] Invoked command in '/home/user/ros2_ws/src/citylab_project/build/robot_patrol' returned '2': CMAKE_PREFIX_PATH=${CMAKE_PREFIX_PATH}:/opt/ros/humble:/home/simulations/ros2_sims_ws/install/robot_description _=/usr/bin/env /usr/bin/cmake --build /home/user/ros2_ws/src/citylab_project/build/robot_patrol -- -j8 -l8
